// Jest Snapshot v1, https://goo.gl/fbAQLP

exports[`Correctly rendered 1`] = `
<li
  className="reviews__item"
>
  <div
    className="reviews__user user"
  >
    <div
      className="reviews__avatar-wrapper user__avatar-wrapper"
    >
      <img
        alt="Reviews avatar"
        className="reviews__avatar user__avatar"
        height="54"
        src="https://htmlacademy-react-2.appspot.com/six-cities/static/avatar/8.jpg"
        width="54"
      />
    </div>
    <span
      className="reviews__user-name"
    >
      Emely
    </span>
  </div>
  <div
    className="reviews__info"
  >
    <div
      className="reviews__rating rating"
    >
      <div
        className="reviews__stars rating__stars"
      >
        <span
          style={
            Object {
              "width": "80%",
            }
          }
        />
        <span
          className="visually-hidden"
        >
          Rating
        </span>
      </div>
    </div>
    <p
      className="reviews__text"
    >
      I stayed here for one night and it was an unpleasant experience.
    </p>
    <time
      className="reviews__time"
      dateTime="2019-12-05"
    >
      2019-12-05
    </time>
  </div>
</li>
`;
